### cargo test --offline odb::
ODB_EXIT=0
     Running unittests src/lib.rs (target/debug/deps/minigit-c104696a743ccc50)
test odb::loose::tests::odb_read_reports_corruption_not_not_found ... ok
test odb::loose::tests::corrupt_objects_are_rejected_and_missing_ones_are_none ... ok
test odb::loose::tests::iter_loose_matches_git_batch_all_objects ... ok
test odb::loose::tests::reads_every_object_kind_real_git_wrote ... ok
test odb::loose::tests::writing_the_same_object_twice_changes_nothing ... ok
test odb::loose::tests::objects_mg_wrote_are_readable_by_real_git ... ok
test result: ok. 6 passed; 0 failed; 0 ignored; 0 measured; 138 filtered out; finished in 0.02s
     Running unittests src/main.rs (target/debug/deps/mg-d18f0e67fce7ef67)
test result: ok. 0 passed; 0 failed; 0 ignored; 0 measured; 0 filtered out; finished in 0.00s
     Running tests/interop/main.rs (target/debug/deps/interop-c5b13a0bb0e7ca9c)
test result: ok. 0 passed; 0 failed; 0 ignored; 0 measured; 7 filtered out; finished in 0.00s
     Running tests/verify/main.rs (target/debug/deps/verify-2fe6099ca561aa6c)
test result: ok. 0 passed; 0 failed; 0 ignored; 0 measured; 3 filtered out; finished in 0.00s
     Running tests/verify_index.rs (target/debug/deps/verify_index-7dd5920b43e5be81)
test result: ok. 0 passed; 0 failed; 0 ignored; 0 measured; 11 filtered out; finished in 0.00s
     Running tests/verify_odb.rs (target/debug/deps/verify_odb-d46636cd29f27db3)
test result: ok. 0 passed; 0 failed; 0 ignored; 0 measured; 6 filtered out; finished in 0.00s
     Running tests/verify_pktline.rs (target/debug/deps/verify_pktline-10124e1f25c2efd3)
test result: ok. 0 passed; 0 failed; 0 ignored; 0 measured; 8 filtered out; finished in 0.00s
     Running tests/verify_refs.rs (target/debug/deps/verify_refs-1cd69fe5f28083ab)
test result: ok. 0 passed; 0 failed; 0 ignored; 0 measured; 9 filtered out; finished in 0.00s
     Running tests/verify_worktree.rs (target/debug/deps/verify_worktree-5f29378ceb796820)
test result: ok. 0 passed; 0 failed; 0 ignored; 0 measured; 25 filtered out; finished in 0.00s

### cargo test --offline (full)
FULL_EXIT=0
     Running unittests src/lib.rs (target/debug/deps/minigit-c104696a743ccc50)
test result: ok. 144 passed; 0 failed; 0 ignored; 0 measured; 0 filtered out; finished in 1.50s
     Running unittests src/main.rs (target/debug/deps/mg-d18f0e67fce7ef67)
test result: ok. 0 passed; 0 failed; 0 ignored; 0 measured; 0 filtered out; finished in 0.00s
     Running tests/interop/main.rs (target/debug/deps/interop-c5b13a0bb0e7ca9c)
test result: ok. 7 passed; 0 failed; 0 ignored; 0 measured; 0 filtered out; finished in 0.01s
     Running tests/verify/main.rs (target/debug/deps/verify-2fe6099ca561aa6c)
test result: ok. 3 passed; 0 failed; 0 ignored; 0 measured; 0 filtered out; finished in 0.02s
     Running tests/verify_index.rs (target/debug/deps/verify_index-7dd5920b43e5be81)
test result: ok. 11 passed; 0 failed; 0 ignored; 0 measured; 0 filtered out; finished in 0.03s
     Running tests/verify_odb.rs (target/debug/deps/verify_odb-d46636cd29f27db3)
test result: ok. 6 passed; 0 failed; 0 ignored; 0 measured; 0 filtered out; finished in 0.04s
     Running tests/verify_pktline.rs (target/debug/deps/verify_pktline-10124e1f25c2efd3)
test result: ok. 8 passed; 0 failed; 0 ignored; 0 measured; 0 filtered out; finished in 0.01s
     Running tests/verify_refs.rs (target/debug/deps/verify_refs-1cd69fe5f28083ab)
test result: ok. 9 passed; 0 failed; 0 ignored; 0 measured; 0 filtered out; finished in 0.02s
     Running tests/verify_worktree.rs (target/debug/deps/verify_worktree-5f29378ceb796820)
test result: ok. 25 passed; 0 failed; 0 ignored; 0 measured; 0 filtered out; finished in 0.07s
test result: ok. 0 passed; 0 failed; 0 ignored; 0 measured; 0 filtered out; finished in 0.00s

### cargo clippy --offline --all-targets
CLIPPY_EXIT=0
--- warning/error lines ---
0
    Checking mini-git v0.0.0 (/home/user/Projects/mini-git)
    Finished `dev` profile [unoptimized + debuginfo] target(s) in 0.12s

### scripts/check-freeze.sh
FREEZE_EXIT=0
---
checked 21 file(s), drift 0
freeze-v0 intact
