### clippy (all targets, includes tests/verify_transport.rs)
warning: function `todo` is never used
  --> src/error.rs:62:15
   |
62 | pub(crate) fn todo<T>(what: &'static str) -> Result<T> {
   |               ^^^^
   |
   = note: `#[warn(dead_code)]` (part of `#[warn(unused)]`) on by default

warning: `mini-git` (lib) generated 1 warning
warning: `mini-git` (lib test) generated 1 warning (1 duplicate)
    Checking mini-git v0.0.0 (/home/user/Projects/mini-git)
warning: unnecessary use of `clone` to create a slice from a reference
   --> tests/verify_transport.rs:705:43
    |
705 |     let first = local::fetch(&repo, &url, &[refspec.clone()]).expect("fetch must succeed");
    |                                           ^^^^^^^^^^^^^^^^^^ help: try: `std::slice::from_ref(&refspec)`
    |
    = help: for further information visit https://rust-lang.github.io/rust-clippy/rust-1.97.0/index.html#cloned_ref_to_slice_refs
    = note: `#[warn(clippy::cloned_ref_to_slice_refs)]` on by default

warning: `mini-git` (test "verify_transport") generated 1 warning (run `cargo clippy --fix --test "verify_transport" -p mini-git -- ` to apply 1 suggestion)
    Finished `dev` profile [unoptimized + debuginfo] target(s) in 0.21s
CLIPPY-EXIT=0

### cargo test --offline (full)

     Running tests/verify_http_http.rs (target/debug/deps/verify_http_http-d7ca87abe8379fb7)

running 16 tests
test https_url_is_unsupported ... ok
test premature_close_is_a_clear_error ... ok
test missing_framing_is_a_clear_error ... ok
test plain_text_response_is_a_clear_error ... ok
test truncated_body_is_a_clear_error ... ok
test http_error_status_surfaces_code_and_body ... ok
test premise_http_backend_emits_no_framing ... ok
test premise_http_backend_requires_dechunked_request_body ... FAILED
test premise_git_protocol_header_not_user_agent_selects_version ... ok
test upload_pack_response_unpacks_with_real_git ... FAILED
test receive_pack_round_trips_report_status_against_real_git ... ok
test request_shape_matches_smart_http_contract ... FAILED
test info_refs_advertisement_matches_real_git_oracles ... FAILED
test chunked_response_matches_content_length_byte_for_byte ... FAILED
test premise_receive_pack_needs_http_receivepack_and_unchecked_out_target ... ok
test chunked_across_tcp_packet_boundaries_matches ... FAILED

failures:

---- premise_http_backend_requires_dechunked_request_body stdout ----

thread 'premise_http_backend_requires_dechunked_request_body' (2410218) panicked at tests/verify_http_http.rs:1203:5:
expected a git protocol error, got stderr "致命错误：协议错误：错误的行长度字符：10?\n\n"
note: run with `RUST_BACKTRACE=1` environment variable to display a backtrace

---- upload_pack_response_unpacks_with_real_git stdout ----
verify_http_http: scaffold listening on http://127.0.0.1:45641 (fault=Normal, root=/tmp/.tmpGzbgUn)

thread 'upload_pack_response_unpacks_with_real_git' (2410235) panicked at tests/verify_http_http.rs:724:5:
assertion `left == right` failed: the want oid must be the server's real HEAD
  left: "679bbd2ab1b691850e24d890f1c56e8334d07ca9"
 right: "HEAD"

---- request_shape_matches_smart_http_contract stdout ----
verify_http_http: real git = git version 2.55.0
verify_http_http: scaffold listening on http://127.0.0.1:41899 (fault=Normal, root=/tmp/.tmpSRZfGq)

thread 'request_shape_matches_smart_http_contract' (2410224) panicked at tests/verify_http_http.rs:569:5:
assertion `left == right` failed
  left: Some("application/x-git-git-upload-pack-advertisement")
 right: Some("application/x-git-upload-pack-advertisement")

---- info_refs_advertisement_matches_real_git_oracles stdout ----
verify_http_http: scaffold listening on http://127.0.0.1:44647 (fault=Normal, root=/tmp/.tmpLEzA5P)

thread 'info_refs_advertisement_matches_real_git_oracles' (2410206) panicked at tests/verify_http_http.rs:675:5:
assertion `left == right` failed: advertised refs must equal `git for-each-ref` + HEAD
  left: {"refs/heads/main": "679bbd2ab1b691850e24d890f1c56e8334d07ca9"}
 right: {"HEAD": "HEAD", "refs/heads/main": "679bbd2ab1b691850e24d890f1c56e8334d07ca9"}

---- chunked_response_matches_content_length_byte_for_byte stdout ----
verify_http_http: scaffold listening on http://127.0.0.1:33443 (fault=Normal, root=/tmp/.tmpWivdSG)
verify_http_http: scaffold listening on http://127.0.0.1:41737 (fault=Chunked { chunk_size: 7, dribble: false }, root=/tmp/.tmpWivdSG)

thread 'chunked_response_matches_content_length_byte_for_byte' (2410203) panicked at tests/verify_http_http.rs:892:42:
HEAD

---- chunked_across_tcp_packet_boundaries_matches stdout ----
verify_http_http: scaffold listening on http://127.0.0.1:44239 (fault=Normal, root=/tmp/.tmpRKKwOU)
verify_http_http: scaffold listening on http://127.0.0.1:36613 (fault=Chunked { chunk_size: 3, dribble: true }, root=/tmp/.tmpRKKwOU)

thread 'chunked_across_tcp_packet_boundaries_matches' (2410202) panicked at tests/verify_http_http.rs:938:5:
assertion failed: dribble.count() >= 1


failures:
    chunked_across_tcp_packet_boundaries_matches
    chunked_response_matches_content_length_byte_for_byte
    info_refs_advertisement_matches_real_git_oracles
    premise_http_backend_requires_dechunked_request_body
    request_shape_matches_smart_http_contract
    upload_pack_response_unpacks_with_real_git

test result: FAILED. 10 passed; 6 failed; 0 ignored; 0 measured; 0 filtered out; finished in 1.13s

error: test failed, to rerun pass `--test verify_http_http`
TEST-EXIT=101
