   Compiling mini-git v0.0.0 (/tmp/v10-mutant-v3)
    Finished `test` profile [unoptimized + debuginfo] target(s) in 0.70s
     Running tests/verify_threeway.rs (/tmp/v10-target-mutant-v3/debug/deps/verify_threeway-a61023c085f543c6)

running 32 tests
test engine_binary_is_conflict_with_ours ... FAILED
test engine_case_table_matches_git_merge_file ... FAILED
test engine_identity_shortcuts_match_git ... ok
test cli_unrelated_histories_are_refused_loudly ... ok
test engine_none_base_two_added_files ... FAILED
test cli_already_up_to_date_when_target_is_ancestor ... ok
test cli_conflict_cjk_bytes_match_git ... FAILED
test cli_conflict_no_trailing_newline_bytes_match_git ... FAILED
test truth_source_selfcheck_diff3_label_really_appears ... ok
test engine_random_corpus_matches_git ... FAILED
test truth_source_selfcheck_merge_file_exit_code_is_conflict_count ... ok
test cli_conflictstyle_zdiff3_characterization ... FAILED
test cli_conflict_diff3_style_matches_git ... FAILED
test cli_conflict_same_line ... FAILED
test cli_conflict_crlf_bytes_match_git ... FAILED
test cli_conflict_mixed_clean_and_conflicting_paths ... FAILED
test cli_dirty_worktree_is_refused_with_zero_changes ... ok
test cli_unknown_rev_and_unknown_oid_fail_without_panic ... ok
test cli_conflict_add_add_same_path ... FAILED
test truth_source_selfcheck_porcelain_is_not_globally_sorted ... ok
test cli_fast_forward_matches_git ... ok
test cli_conflict_modified_then_deleted_by_theirs ... ok
test cli_no_ff_creates_two_parent_merge_commit_like_git ... ok
test cli_clean_both_sides_delete_same_file ... ok
test cli_clean_merge_disjoint_files_and_tree_matches_git ... ok
test cli_untracked_file_that_theirs_adds_is_refused ... ok
test cli_clean_merge_nested_dirs_and_new_files ... ok
test cli_clean_merge_ours_delete_theirs_untouched ... ok
test cli_clean_merge_same_file_different_regions ... ok
test cli_conflict_delete_modify_both_directions ... ok
test cli_conflict_binary_keeps_ours_like_git ... ok
test engine_indented_corpus_characterization ... ok

failures:

---- engine_binary_is_conflict_with_ours stdout ----

thread 'engine_binary_is_conflict_with_ours' (1777068) panicked at tests/verify_threeway.rs:808:17:
非二进制路径应产生带 marker 的冲突输出
note: run with `RUST_BACKTRACE=1` environment variable to display a backtrace

---- engine_case_table_matches_git_merge_file stdout ----

thread 'engine_case_table_matches_git_merge_file' (1777095) panicked at tests/verify_threeway.rs:524:5:
assertion `left == right` failed: same-line-both-changed (diff3=false): merge_blobs bytes differ from `git merge-file`
mg  = "1\n<<<<<< ours\nOURS\n======\nTHEIRS\n>>>>>> theirs\n3\n"
git = "1\n<<<<<<< ours\nOURS\n=======\nTHEIRS\n>>>>>>> theirs\n3\n"
  left: [49, 10, 60, 60, 60, 60, 60, 60, 32, 111, 117, 114, 115, 10, 79, 85, 82, 83, 10, 61, 61, 61, 61, 61, 61, 10, 84, 72, 69, 73, 82, 83, 10, 62, 62, 62, 62, 62, 62, 32, 116, 104, 101, 105, 114, 115, 10, 51, 10]
 right: [49, 10, 60, 60, 60, 60, 60, 60, 60, 32, 111, 117, 114, 115, 10, 79, 85, 82, 83, 10, 61, 61, 61, 61, 61, 61, 61, 10, 84, 72, 69, 73, 82, 83, 10, 62, 62, 62, 62, 62, 62, 62, 32, 116, 104, 101, 105, 114, 115, 10, 51, 10]

---- engine_none_base_two_added_files stdout ----

thread 'engine_none_base_two_added_files' (1777442) panicked at tests/verify_threeway.rs:524:5:
assertion `left == right` failed: none-base-vs-empty-base (diff3=false): merge_blobs bytes differ from `git merge-file`
mg  = "<<<<<< ours\nidentical\n======\ndifferent\n>>>>>> theirs\n"
git = "<<<<<<< ours\nidentical\n=======\ndifferent\n>>>>>>> theirs\n"
  left: [60, 60, 60, 60, 60, 60, 32, 111, 117, 114, 115, 10, 105, 100, 101, 110, 116, 105, 99, 97, 108, 10, 61, 61, 61, 61, 61, 61, 10, 100, 105, 102, 102, 101, 114, 101, 110, 116, 10, 62, 62, 62, 62, 62, 62, 32, 116, 104, 101, 105, 114, 115, 10]
 right: [60, 60, 60, 60, 60, 60, 60, 32, 111, 117, 114, 115, 10, 105, 100, 101, 110, 116, 105, 99, 97, 108, 10, 61, 61, 61, 61, 61, 61, 61, 10, 100, 105, 102, 102, 101, 114, 101, 110, 116, 10, 62, 62, 62, 62, 62, 62, 62, 32, 116, 104, 101, 105, 114, 115, 10]

---- cli_conflict_cjk_bytes_match_git stdout ----

thread 'cli_conflict_cjk_bytes_match_git' (1777037) panicked at tests/verify_threeway.rs:362:13:
assertion `left == right` failed: conflict-cjk: 文件.txt conflict bytes differ
mg = "第一行\n<<<<<< HEAD\n我们的修改\n======\n对方的修改\n>>>>>> feature\n第三行\n"
git= "第一行\n<<<<<<< HEAD\n我们的修改\n=======\n对方的修改\n>>>>>>> feature\n第三行\n"
  left: [231, 172, 172, 228, 184, 128, 232, 161, 140, 10, 60, 60, 60, 60, 60, 60, 32, 72, 69, 65, 68, 10, 230, 136, 145, 228, 187, 172, 231, 154, 132, 228, 191, 174, 230, 148, 185, 10, 61, 61, 61, 61, 61, 61, 10, 229, 175, 185, 230, 150, 185, 231, 154, 132, 228, 191, 174, 230, 148, 185, 10, 62, 62, 62, 62, 62, 62, 32, 102, 101, 97, 116, 117, 114, 101, 10, 231, 172, 172, 228, 184, 137, 232, 161, 140, 10]
 right: [231, 172, 172, 228, 184, 128, 232, 161, 140, 10, 60, 60, 60, 60, 60, 60, 60, 32, 72, 69, 65, 68, 10, 230, 136, 145, 228, 187, 172, 231, 154, 132, 228, 191, 174, 230, 148, 185, 10, 61, 61, 61, 61, 61, 61, 61, 10, 229, 175, 185, 230, 150, 185, 231, 154, 132, 228, 191, 174, 230, 148, 185, 10, 62, 62, 62, 62, 62, 62, 62, 32, 102, 101, 97, 116, 117, 114, 101, 10, 231, 172, 172, 228, 184, 137, 232, 161, 140, 10]

---- cli_conflict_no_trailing_newline_bytes_match_git stdout ----

thread 'cli_conflict_no_trailing_newline_bytes_match_git' (1777044) panicked at tests/verify_threeway.rs:362:13:
assertion `left == right` failed: conflict-no-trailing-newline: f.txt conflict bytes differ
mg = "a\n<<<<<< HEAD\nOURS\nc\n======\nTHEIRS\nc\n>>>>>> feature\n"
git= "a\n<<<<<<< HEAD\nOURS\nc\n=======\nTHEIRS\nc\n>>>>>>> feature\n"
  left: [97, 10, 60, 60, 60, 60, 60, 60, 32, 72, 69, 65, 68, 10, 79, 85, 82, 83, 10, 99, 10, 61, 61, 61, 61, 61, 61, 10, 84, 72, 69, 73, 82, 83, 10, 99, 10, 62, 62, 62, 62, 62, 62, 32, 102, 101, 97, 116, 117, 114, 101, 10]
 right: [97, 10, 60, 60, 60, 60, 60, 60, 60, 32, 72, 69, 65, 68, 10, 79, 85, 82, 83, 10, 99, 10, 61, 61, 61, 61, 61, 61, 61, 10, 84, 72, 69, 73, 82, 83, 10, 99, 10, 62, 62, 62, 62, 62, 62, 62, 32, 102, 101, 97, 116, 117, 114, 101, 10]

---- engine_random_corpus_matches_git stdout ----

thread 'engine_random_corpus_matches_git' (1777485) panicked at tests/verify_threeway.rs:524:5:
assertion `left == right` failed: random#2 (diff3=false): merge_blobs bytes differ from `git merge-file`
mg  = "<<<<<< ours\nM854\nline2\nM29\n======\nM98\nline2\n>>>>>> theirs\n"
git = "<<<<<<< ours\nM854\nline2\nM29\n=======\nM98\nline2\n>>>>>>> theirs\n"
  left: [60, 60, 60, 60, 60, 60, 32, 111, 117, 114, 115, 10, 77, 56, 53, 52, 10, 108, 105, 110, 101, 50, 10, 77, 50, 57, 10, 61, 61, 61, 61, 61, 61, 10, 77, 57, 56, 10, 108, 105, 110, 101, 50, 10, 62, 62, 62, 62, 62, 62, 32, 116, 104, 101, 105, 114, 115, 10]
 right: [60, 60, 60, 60, 60, 60, 60, 32, 111, 117, 114, 115, 10, 77, 56, 53, 52, 10, 108, 105, 110, 101, 50, 10, 77, 50, 57, 10, 61, 61, 61, 61, 61, 61, 61, 10, 77, 57, 56, 10, 108, 105, 110, 101, 50, 10, 62, 62, 62, 62, 62, 62, 62, 32, 116, 104, 101, 105, 114, 115, 10]

---- cli_conflictstyle_zdiff3_characterization stdout ----

thread 'cli_conflictstyle_zdiff3_characterization' (1777047) panicked at tests/verify_threeway.rs:1389:5:
assertion failed: mg_text.contains("|||||||") && git_text.contains("|||||||")

---- cli_conflict_diff3_style_matches_git stdout ----

thread 'cli_conflict_diff3_style_matches_git' (1777041) panicked at tests/verify_threeway.rs:1302:5:
conflict-diff3: diff3 风格必须输出 `||||||| <base>` 段，实际 "1\n<<<<<< HEAD\nOURS\n|||||| 2db82ee\n2\n======\nTHEIRS\n>>>>>> feature\n3\n"

---- cli_conflict_same_line stdout ----

thread 'cli_conflict_same_line' (1777045) panicked at tests/verify_threeway.rs:362:13:
assertion `left == right` failed: conflict-same-line: f.txt conflict bytes differ
mg = "1\n<<<<<< HEAD\nOURS\n======\nTHEIRS\n>>>>>> feature\n3\n"
git= "1\n<<<<<<< HEAD\nOURS\n=======\nTHEIRS\n>>>>>>> feature\n3\n"
  left: [49, 10, 60, 60, 60, 60, 60, 60, 32, 72, 69, 65, 68, 10, 79, 85, 82, 83, 10, 61, 61, 61, 61, 61, 61, 10, 84, 72, 69, 73, 82, 83, 10, 62, 62, 62, 62, 62, 62, 32, 102, 101, 97, 116, 117, 114, 101, 10, 51, 10]
 right: [49, 10, 60, 60, 60, 60, 60, 60, 60, 32, 72, 69, 65, 68, 10, 79, 85, 82, 83, 10, 61, 61, 61, 61, 61, 61, 61, 10, 84, 72, 69, 73, 82, 83, 10, 62, 62, 62, 62, 62, 62, 62, 32, 102, 101, 97, 116, 117, 114, 101, 10, 51, 10]

---- cli_conflict_crlf_bytes_match_git stdout ----

thread 'cli_conflict_crlf_bytes_match_git' (1777039) panicked at tests/verify_threeway.rs:362:13:
assertion `left == right` failed: conflict-crlf: f.txt conflict bytes differ
mg = "x\r\n<<<<<< HEAD\r\nOURS\r\n======\r\nTHEIRS\r\n>>>>>> feature\r\nz\r\n"
git= "x\r\n<<<<<<< HEAD\r\nOURS\r\n=======\r\nTHEIRS\r\n>>>>>>> feature\r\nz\r\n"
  left: [120, 13, 10, 60, 60, 60, 60, 60, 60, 32, 72, 69, 65, 68, 13, 10, 79, 85, 82, 83, 13, 10, 61, 61, 61, 61, 61, 61, 13, 10, 84, 72, 69, 73, 82, 83, 13, 10, 62, 62, 62, 62, 62, 62, 32, 102, 101, 97, 116, 117, 114, 101, 13, 10, 122, 13, 10]
 right: [120, 13, 10, 60, 60, 60, 60, 60, 60, 60, 32, 72, 69, 65, 68, 13, 10, 79, 85, 82, 83, 13, 10, 61, 61, 61, 61, 61, 61, 61, 13, 10, 84, 72, 69, 73, 82, 83, 13, 10, 62, 62, 62, 62, 62, 62, 62, 32, 102, 101, 97, 116, 117, 114, 101, 13, 10, 122, 13, 10]

---- cli_conflict_mixed_clean_and_conflicting_paths stdout ----

thread 'cli_conflict_mixed_clean_and_conflicting_paths' (1777042) panicked at tests/verify_threeway.rs:362:13:
assertion `left == right` failed: conflict-mixed: conf1.txt conflict bytes differ
mg = "1\n<<<<<< HEAD\nOURS\n======\nTHEIRS\n>>>>>> feature\n3\n"
git= "1\n<<<<<<< HEAD\nOURS\n=======\nTHEIRS\n>>>>>>> feature\n3\n"
  left: [49, 10, 60, 60, 60, 60, 60, 60, 32, 72, 69, 65, 68, 10, 79, 85, 82, 83, 10, 61, 61, 61, 61, 61, 61, 10, 84, 72, 69, 73, 82, 83, 10, 62, 62, 62, 62, 62, 62, 32, 102, 101, 97, 116, 117, 114, 101, 10, 51, 10]
 right: [49, 10, 60, 60, 60, 60, 60, 60, 60, 32, 72, 69, 65, 68, 10, 79, 85, 82, 83, 10, 61, 61, 61, 61, 61, 61, 61, 10, 84, 72, 69, 73, 82, 83, 10, 62, 62, 62, 62, 62, 62, 62, 32, 102, 101, 97, 116, 117, 114, 101, 10, 51, 10]

---- cli_conflict_add_add_same_path stdout ----

thread 'cli_conflict_add_add_same_path' (1777035) panicked at tests/verify_threeway.rs:362:13:
assertion `left == right` failed: conflict-add-add: same.txt conflict bytes differ
mg = "<<<<<< HEAD\nours version\n======\ntheirs version\n>>>>>> feature\n"
git= "<<<<<<< HEAD\nours version\n=======\ntheirs version\n>>>>>>> feature\n"
  left: [60, 60, 60, 60, 60, 60, 32, 72, 69, 65, 68, 10, 111, 117, 114, 115, 32, 118, 101, 114, 115, 105, 111, 110, 10, 61, 61, 61, 61, 61, 61, 10, 116, 104, 101, 105, 114, 115, 32, 118, 101, 114, 115, 105, 111, 110, 10, 62, 62, 62, 62, 62, 62, 32, 102, 101, 97, 116, 117, 114, 101, 10]
 right: [60, 60, 60, 60, 60, 60, 60, 32, 72, 69, 65, 68, 10, 111, 117, 114, 115, 32, 118, 101, 114, 115, 105, 111, 110, 10, 61, 61, 61, 61, 61, 61, 61, 10, 116, 104, 101, 105, 114, 115, 32, 118, 101, 114, 115, 105, 111, 110, 10, 62, 62, 62, 62, 62, 62, 62, 32, 102, 101, 97, 116, 117, 114, 101, 10]


failures:
    cli_conflict_add_add_same_path
    cli_conflict_cjk_bytes_match_git
    cli_conflict_crlf_bytes_match_git
    cli_conflict_diff3_style_matches_git
    cli_conflict_mixed_clean_and_conflicting_paths
    cli_conflict_no_trailing_newline_bytes_match_git
    cli_conflict_same_line
    cli_conflictstyle_zdiff3_characterization
    engine_binary_is_conflict_with_ours
    engine_case_table_matches_git_merge_file
    engine_none_base_two_added_files
    engine_random_corpus_matches_git

test result: FAILED. 20 passed; 12 failed; 0 ignored; 0 measured; 0 filtered out; finished in 0.24s

error: test failed, to rerun pass `--test verify_threeway`
